
> frontend@0.0.0 build
> tsc -b && vite build

src/pages/candidate/BotInterview.tsx(1,8): error TS6133: 'React' is declared but its value is never read.
src/pages/candidate/BotInterview.tsx(4,15): error TS6133: 'MicOff' is declared but its value is never read.
src/pages/candidate/BotInterview.tsx(4,59): error TS6133: 'CheckCircle2' is declared but its value is never read.
src/pages/candidate/BotInterview.tsx(16,12): error TS6133: 'error' is declared but its value is never read.
src/pages/candidate/Jobs.tsx(1,1): error TS6133: 'React' is declared but its value is never read.
src/pages/candidate/Jobs.tsx(15,11): error TS6133: 'navigate' is declared but its value is never read.
src/pages/candidate/Layout.tsx(1,1): error TS6133: 'React' is declared but its value is never read.
src/pages/candidate/Layout.tsx(5,5): error TS6133: 'Rocket' is declared but its value is never read.
src/pages/candidate/Layout.tsx(15,5): error TS6133: 'Menu' is declared but its value is never read.
src/pages/candidate/PassportView.tsx(1,1): error TS6133: 'React' is declared but its value is never read.
src/pages/candidate/Profile.tsx(4,29): error TS6133: 'BookOpen' is declared but its value is never read.
src/pages/candidate/Profile.tsx(7,19): error TS6133: 'setAuth' is declared but its value is never read.
src/pages/candidate/TestTaker.tsx(1,8): error TS6133: 'React' is declared but its value is never read.
src/pages/candidate/TestTaker.tsx(4,22): error TS6133: 'StopCircle' is declared but its value is never read.
src/pages/candidate/TestTaker.tsx(4,79): error TS6133: 'BrainCircuit' is declared but its value is never read.
src/pages/public/Login.tsx(23,13): error TS2554: Expected 4 arguments, but got 3.
src/pages/recruiter/InterviewSummary.tsx(1,1): error TS6133: 'React' is declared but its value is never read.
src/pages/recruiter/InterviewSummary.tsx(2,1): error TS6133: 'useQuery' is declared but its value is never read.
src/pages/recruiter/InterviewSummary.tsx(4,1): error TS6133: 'api' is declared but its value is never read.
src/pages/recruiter/InterviewSummary.tsx(5,10): error TS6133: 'FileText' is declared but its value is never read.
src/pages/recruiter/InterviewSummary.tsx(5,20): error TS6133: 'CheckCircle2' is declared but its value is never read.
src/pages/recruiter/InterviewSummary.tsx(8,11): error TS6133: 'sessionId' is declared but its value is never read.
src/pages/recruiter/JobList.tsx(1,1): error TS6192: All imports in import declaration are unused.
src/pages/recruiter/JobList.tsx(2,20): error TS6133: 'useMutation' is declared but its value is never read.
src/pages/recruiter/JobList.tsx(2,33): error TS6133: 'useQueryClient' is declared but its value is never read.
src/pages/recruiter/JobList.tsx(4,45): error TS6133: 'Building2' is declared but its value is never read.
src/pages/recruiter/JobList.tsx(4,79): error TS6133: 'Link2' is declared but its value is never read.
src/pages/recruiter/JobNew.tsx(34,19): error TS6133: 'data' is declared but its value is never read.
src/pages/recruiter/Layout.tsx(1,1): error TS6133: 'React' is declared but its value is never read.
src/pages/recruiter/Layout.tsx(8,5): error TS6133: 'Briefcase' is declared but its value is never read.
src/pages/recruiter/Layout.tsx(9,5): error TS6133: 'FileSignature' is declared but its value is never read.
src/pages/recruiter/Profile.tsx(4,27): error TS6133: 'Phone' is declared but its value is never read.
src/pages/recruiter/TalentSearch.tsx(1,8): error TS6133: 'React' is declared but its value is never read.
src/pages/recruiter/TalentSearch.tsx(3,1): error TS6133: 'api' is declared but its value is never read.
