
> frontend@0.0.0 build
> tsc -b && vite build

src/App.tsx(8,8): error TS1192: Module '"C:/Users/siddh/OneDrive/Documents/agents-main/resume/frontend/src/pages/public/Login"' has no default export.
src/App.tsx(13,8): error TS1192: Module '"C:/Users/siddh/OneDrive/Documents/agents-main/resume/frontend/src/pages/candidate/Layout"' has no default export.
src/App.tsx(16,8): error TS1192: Module '"C:/Users/siddh/OneDrive/Documents/agents-main/resume/frontend/src/pages/candidate/PassportView"' has no default export.
src/App.tsx(22,8): error TS1192: Module '"C:/Users/siddh/OneDrive/Documents/agents-main/resume/frontend/src/pages/recruiter/Layout"' has no default export.
src/pages/candidate/BotInterview.tsx(1,8): error TS6133: 'React' is declared but its value is never read.
src/pages/candidate/BotInterview.tsx(4,15): error TS6133: 'MicOff' is declared but its value is never read.
src/pages/candidate/BotInterview.tsx(4,59): error TS6133: 'CheckCircle2' is declared but its value is never read.
src/pages/candidate/BotInterview.tsx(16,12): error TS6133: 'error' is declared but its value is never read.
src/pages/candidate/Jobs.tsx(1,1): error TS6133: 'React' is declared but its value is never read.
src/pages/candidate/Jobs.tsx(15,11): error TS6133: 'navigate' is declared but its value is never read.
src/pages/candidate/TestTaker.tsx(1,8): error TS6133: 'React' is declared but its value is never read.
src/pages/candidate/TestTaker.tsx(4,22): error TS6133: 'StopCircle' is declared but its value is never read.
src/pages/candidate/TestTaker.tsx(4,79): error TS6133: 'BrainCircuit' is declared but its value is never read.
src/pages/candidate/TestTaker.tsx(173,30): error TS2304: Cannot find name 'ShieldCheck'.
src/pages/recruiter/InterviewSummary.tsx(1,1): error TS6133: 'React' is declared but its value is never read.
src/pages/recruiter/InterviewSummary.tsx(2,1): error TS6133: 'useQuery' is declared but its value is never read.
src/pages/recruiter/InterviewSummary.tsx(4,1): error TS6133: 'api' is declared but its value is never read.
src/pages/recruiter/InterviewSummary.tsx(5,10): error TS6133: 'FileText' is declared but its value is never read.
src/pages/recruiter/InterviewSummary.tsx(5,20): error TS6133: 'CheckCircle2' is declared but its value is never read.
src/pages/recruiter/InterviewSummary.tsx(8,11): error TS6133: 'sessionId' is declared but its value is never read.
src/pages/recruiter/JobList.tsx(1,1): error TS6192: All imports in import declaration are unused.
src/pages/recruiter/JobList.tsx(2,20): error TS6133: 'useMutation' is declared but its value is never read.
src/pages/recruiter/JobList.tsx(2,33): error TS6133: 'useQueryClient' is declared but its value is never read.
src/pages/recruiter/JobList.tsx(4,45): error TS6133: 'Building2' is declared but its value is never read.
src/pages/recruiter/JobList.tsx(4,79): error TS6133: 'Link2' is declared but its value is never read.
src/pages/recruiter/JobNew.tsx(34,19): error TS6133: 'data' is declared but its value is never read.
src/pages/recruiter/TalentSearch.tsx(1,8): error TS6133: 'React' is declared but its value is never read.
src/pages/recruiter/TalentSearch.tsx(3,1): error TS6133: 'api' is declared but its value is never read.
